# serializer version: 1
# name: test_edit_day_logs[YAMLConfigFile]
  '''
  # 2000-01-03.Mon
  #
  # ^ = [[2000/20000103]]
  # < = [[2000/20000102_day]]
  # > = [[2000/20000104_day]]
  # @ = [[day_log.zot]]
  
  o #gtd pomodoro
    * Google Calendar (bbugyi@google + bryanbugyi34@gmail)
    * Process yesterday's bujo log (e.g. close events, add missing pomodoros, rollover goals)
    * Copy any important gchat convos from yesterday into chat/*.txt
    * Check today's tickler file: [[tick_03]]
    * Fill out yesterday's habit tracker: [[2000/20000102_habit]]
    * go/g3co
    * Review Google Keep Inbox
    * Review [[inbox]]
    * Review '@A' todos (are any >=2d old? which '@B' todos should be promoted?)
    * <50 emails in bryanbugyi34@gmail
    * <100 emails in bbugyi@google
    * Review ~/org diffs from yesterday and commit them to git
  
  ######### @event
  
  ######### @pomodoro
  '''
# ---
# name: test_edit_day_logs[YAMLConfigFile].1
  '''
  # Habits | 2000-01-02.Sun
  #
  # ^ = [[2000/20000102]]
  # < = [[2000/20000101_habit]]
  # > = [[2000/20000103_habit]]
  # @ = [[habit_log.zot]]
  #
  # 0 = [[2000/20000102_day]]
  
  meds: ? / ?
  run (miles): ? / ?
  time_of_1st_pomodoro: ????
  wfo: ? / ?
  ======= CL
  R0 bounces: ? / ?
  RN bounces: ? / ?
  submits:    ? / ?
  ======= pm routine
  brush teeth:  ? / ?
  rubber bands: ? / ?
  ======= pomodoros
  all:  ? / ?
  work: ? / ?
  overflow: ? / ?
  
  ######### Expenses
  
  total: 0.00 / 0.00
  '''
# ---
# name: test_edit_day_logs[YAMLConfigFile].2
  '''
  # 2000-01-03.Mon | Done Tasks / Projects
  #
  # ^ = [[2000/20000103]]
  # < = [[2000/20000102_done]]
  # > = [[2000/20000104_done]]
  # @ = [[done_log.zot]]
  #
  # 0 = [[2000/20000103_day]]
  
  
  '''
# ---
# name: test_whenKeepAliveFileContainsPaths_useThosePathsOnRestart[YAMLConfigFile]
  list([
    list([
      'vim',
      '<TMP>/org/foobar.zo',
    ]),
    list([
      'vim',
      '<TMP>/org/baz.zo',
      '<TMP>/org/buz.zo',
      '-c',
      'edit buz.zo',
    ]),
  ])
# ---
