# serializer version: 1
# name: test_compile[YAMLConfigFile-20240323]
  '''
  {'notes': [{'areas': [],
              'body': ' location::table',
              'child_notes': [],
              'contexts': ['pomodoro'],
              'create_date': FakeDate(2000, 1, 3),
              'links': [],
              'next_note': None,
              'parent_note': None,
              'people': [],
              'prev_note': None,
              'projects': [],
              'properties': {'location': 'table', 'p': '1'}},
             {'areas': ['gtd'],
              'body': ' #gtd pomodoro',
              'child_notes': [],
              'contexts': ['pomodoro'],
              'create_date': FakeDate(2000, 1, 3),
              'links': [],
              'next_note': None,
              'parent_note': None,
              'people': [],
              'prev_note': None,
              'projects': [],
              'properties': {'p': '1'}},
             {'areas': [],
              'body': ' location::table',
              'child_notes': [],
              'contexts': ['pomodoro'],
              'create_date': FakeDate(2000, 1, 3),
              'links': [],
              'next_note': None,
              'parent_note': None,
              'people': [],
              'prev_note': None,
              'projects': [],
              'properties': {'location': 'table', 'p': '2'}},
             {'areas': ['own'],
              'body': ' #own Buy rubber duck',
              'child_notes': [],
              'contexts': ['pomodoro'],
              'create_date': FakeDate(2000, 1, 3),
              'links': [],
              'next_note': None,
              'parent_note': None,
              'people': [],
              'prev_note': None,
              'projects': [],
              'properties': {'p': '2'}},
             {'areas': [],
              'body': ' +zorg Parametrize test_run_compile()',
              'child_notes': [],
              'contexts': ['pomodoro'],
              'create_date': FakeDate(2000, 1, 3),
              'links': [],
              'next_note': None,
              'parent_note': None,
              'people': [],
              'prev_note': None,
              'projects': ['zorg'],
              'properties': {'p': '2'}},
             {'areas': [],
              'body': ' location::table',
              'child_notes': [],
              'contexts': ['pomodoro'],
              'create_date': FakeDate(2000, 1, 3),
              'links': [],
              'next_note': None,
              'parent_note': None,
              'people': [],
              'prev_note': None,
              'projects': [],
              'properties': {'location': 'table', 'p': '3'}},
             {'areas': [],
              'body': ' +zorg Move models.py and file_groups.py',
              'child_notes': [],
              'contexts': ['pomodoro'],
              'create_date': FakeDate(2000, 1, 3),
              'links': [],
              'next_note': None,
              'parent_note': None,
              'people': [],
              'prev_note': None,
              'projects': ['zorg'],
              'properties': {'p': '3'}},
             {'areas': [],
              'body': ' +zorg Add links to grammar',
              'child_notes': [],
              'contexts': ['pomodoro'],
              'create_date': FakeDate(2000, 1, 3),
              'links': [],
              'next_note': None,
              'parent_note': None,
              'people': [],
              'prev_note': None,
              'projects': ['zorg'],
              'properties': {'p': '3'}},
             {'areas': [],
              'body': ' location::table',
              'child_notes': [],
              'contexts': ['pomodoro'],
              'create_date': FakeDate(2000, 1, 3),
              'links': [],
              'next_note': None,
              'parent_note': None,
              'people': [],
              'prev_note': None,
              'projects': [],
              'properties': {'location': 'table', 'p': '4'}},
             {'areas': [],
              'body': ' +zorg Fix grammar so it works with this file',
              'child_notes': [],
              'contexts': ['pomodoro'],
              'create_date': FakeDate(2000, 1, 3),
              'links': [],
              'next_note': None,
              'parent_note': None,
              'people': [],
              'prev_note': None,
              'projects': ['zorg'],
              'properties': {'p': '4'}}],
   'todos': []}
  
  '''
# ---
# name: test_compile[YAMLConfigFile-links]
  '''
  {'notes': [{'areas': [],
              'body': ' Some note with a [[bar.sh]] link to a bash script.',
              'child_notes': [],
              'contexts': [],
              'create_date': FakeDate(2000, 1, 3),
              'links': ['bar.sh'],
              'next_note': None,
              'parent_note': None,
              'people': [],
              'prev_note': None,
              'projects': [],
              'properties': {}},
             {'areas': [],
              'body': ' Some note with a link in parens (see [[baz]]).',
              'child_notes': [],
              'contexts': [],
              'create_date': FakeDate(2000, 1, 3),
              'links': ['baz'],
              'next_note': None,
              'parent_note': None,
              'people': [],
              'prev_note': None,
              'projects': [],
              'properties': {}},
             {'areas': [],
              'body': ' Some note with a link in parens and a block-level link '
                      '([[buz::fuzz]]).',
              'child_notes': [],
              'contexts': [],
              'create_date': FakeDate(2000, 1, 3),
              'links': ['buz::fuzz'],
              'next_note': None,
              'parent_note': None,
              'people': [],
              'prev_note': None,
              'projects': [],
              'properties': {'buz': 'fuzz'}}],
   'todos': []}
  
  '''
# ---
