# serializer version: 1
# name: test_compile[YAMLConfigFile-day_log_tmpl]
  '''
  ZorgFile(path=PosixPath('/home/bryan/projects/github/bbugyi200/zorg/tests/data/day_log_tmpl.zo'),
           notes=[ZorgNote(body='%',
                           file=...,
                           areas=[],
                           child_notes=[],
                           contexts=[],
                           create_date=datetime.date(2000, 1, 2),
                           next_note=None,
                           parent_note=None,
                           people=[],
                           prev_note=None,
                           projects=[],
                           properties={}),
                  ZorgNote(body=' one_day ',
                           file=...,
                           areas=[],
                           child_notes=[],
                           contexts=[],
                           create_date=datetime.date(2000, 1, 2),
                           next_note=None,
                           parent_note=None,
                           people=[],
                           prev_note=None,
                           projects=[],
                           properties={}),
                  ZorgNote(body='%',
                           file=...,
                           areas=[],
                           child_notes=[],
                           contexts=[],
                           create_date=datetime.date(2000, 1, 2),
                           next_note=None,
                           parent_note=None,
                           people=[],
                           prev_note=None,
                           projects=[],
                           properties={})],
           todos=[ZorgTodo(body=' #gtd pomodoro',
                           file=...,
                           areas=['gtd'],
                           child_notes=[],
                           contexts=[],
                           create_date=datetime.date(2000, 1, 2),
                           next_note=None,
                           parent_note=None,
                           people=[],
                           prev_note=None,
                           projects=[],
                           properties={},
                           done_date=None,
                           priority='C',
                           status=<TodoStatus.OPEN: 1>)])
  
  '''
# ---
